Archive member included to satisfy reference by file (symbol)

app/libapp.a(main.c.obj)      (--whole-archive)
zephyr/libzephyr.a(validate_libc.c.obj)
                              (--whole-archive)
zephyr/libzephyr.a(heap.c.obj)
                              (--whole-archive)
zephyr/libzephyr.a(cbprintf_packaged.c.obj)
                              (--whole-archive)
zephyr/libzephyr.a(clock.c.obj)
                              (--whole-archive)
zephyr/libzephyr.a(printk.c.obj)
                              (--whole-archive)
zephyr/libzephyr.a(sem.c.obj)
                              (--whole-archive)
zephyr/libzephyr.a(thread_entry.c.obj)
                              (--whole-archive)
zephyr/libzephyr.a(cbprintf_complete.c.obj)
                              (--whole-archive)
zephyr/libzephyr.a(assert.c.obj)
                              (--whole-archive)
zephyr/libzephyr.a(dec.c.obj)
                              (--whole-archive)
zephyr/libzephyr.a(hex.c.obj)
                              (--whole-archive)
zephyr/libzephyr.a(rb.c.obj)  (--whole-archive)
zephyr/libzephyr.a(timeutil.c.obj)
                              (--whole-archive)
zephyr/libzephyr.a(bitarray.c.obj)
                              (--whole-archive)
zephyr/libzephyr.a(ring_buffer.c.obj)
                              (--whole-archive)
zephyr/libzephyr.a(configs.c.obj)
                              (--whole-archive)
zephyr/libzephyr.a(soc.c.obj)
                              (--whole-archive)
zephyr/libzephyr.a(esp32-mp.c.obj)
                              (--whole-archive)
zephyr/libzephyr.a(loader.c.obj)
                              (--whole-archive)
zephyr/libzephyr.a(hw_init.c.obj)
                              (--whole-archive)
zephyr/libzephyr.a(tracing_none.c.obj)
                              (--whole-archive)
zephyr/libzephyr.a(windowspill_asm.S.obj)
                              (--whole-archive)
zephyr/libzephyr.a(esp_efuse_api.c.obj)
                              (--whole-archive)
zephyr/libzephyr.a(esp_efuse_utility.c.obj)
                              (--whole-archive)
zephyr/libzephyr.a(esp_efuse_table.c.obj)
                              (--whole-archive)
zephyr/libzephyr.a(esp_efuse_utility.c.obj)
                              (--whole-archive)
zephyr/libzephyr.a(esp_efuse_api_key.c.obj)
                              (--whole-archive)
zephyr/libzephyr.a(flash_encrypt.c.obj)
                              (--whole-archive)
zephyr/libzephyr.a(esp_gpio_reserve.c.obj)
                              (--whole-archive)
zephyr/libzephyr.a(cache_esp32.c.obj)
                              (--whole-archive)
zephyr/libzephyr.a(mmu_hal.c.obj)
                              (--whole-archive)
zephyr/libzephyr.a(spi_flash_encrypt_hal_iram.c.obj)
                              (--whole-archive)
zephyr/libzephyr.a(spi_flash_hal.c.obj)
                              (--whole-archive)
zephyr/libzephyr.a(spi_flash_hal_iram.c.obj)
                              (--whole-archive)
zephyr/libzephyr.a(cache_hal_esp32.c.obj)
                              (--whole-archive)
zephyr/libzephyr.a(esp_flash_api.c.obj)
                              (--whole-archive)
zephyr/libzephyr.a(esp_flash_spi_init.c.obj)
                              (--whole-archive)
zephyr/libzephyr.a(flash_mmap.c.obj)
                              (--whole-archive)
zephyr/libzephyr.a(flash_ops.c.obj)
                              (--whole-archive)
zephyr/libzephyr.a(memspi_host_driver.c.obj)
                              (--whole-archive)
zephyr/libzephyr.a(spi_flash_chip_boya.c.obj)
                              (--whole-archive)
zephyr/libzephyr.a(spi_flash_chip_drivers.c.obj)
                              (--whole-archive)
zephyr/libzephyr.a(spi_flash_chip_gd.c.obj)
                              (--whole-archive)
zephyr/libzephyr.a(spi_flash_chip_generic.c.obj)
                              (--whole-archive)
zephyr/libzephyr.a(spi_flash_chip_issi.c.obj)
                              (--whole-archive)
zephyr/libzephyr.a(spi_flash_chip_mxic.c.obj)
                              (--whole-archive)
zephyr/libzephyr.a(spi_flash_chip_mxic_opi.c.obj)
                              (--whole-archive)
zephyr/libzephyr.a(spi_flash_chip_th.c.obj)
                              (--whole-archive)
zephyr/libzephyr.a(spi_flash_chip_winbond.c.obj)
                              (--whole-archive)
zephyr/libzephyr.a(spi_flash_os_func_noos.c.obj)
                              (--whole-archive)
zephyr/libzephyr.a(spi_flash_os_func_app.c.obj)
                              (--whole-archive)
zephyr/libzephyr.a(uart_hal.c.obj)
                              (--whole-archive)
zephyr/libzephyr.a(uart_hal_iram.c.obj)
                              (--whole-archive)
zephyr/libzephyr.a(bootloader_clock_init.c.obj)
                              (--whole-archive)
zephyr/libzephyr.a(mpu_hal.c.obj)
                              (--whole-archive)
zephyr/libzephyr.a(flash_qio_mode.c.obj)
[...]
Memory Configuration

Name             Origin             Length             Attributes
FLASH            0x0000000000000000 0x00000000003fff00 r
iram0_0_seg      0x0000000040080000 0x0000000000038000 xr
dram0_0_seg      0x000000003ffb0000 0x0000000000030000 rw
dram1_0_seg      0x000000003ffe8000 0x0000000000018000 rw
irom0_0_seg      0x00000000400d0000 0x0000000000b30000 xr
drom0_0_seg      0x000000003f400000 0x0000000000400000 r
rtc_iram_seg     0x00000000400c0000 0x0000000000002000 xrw
rtc_slow_seg     0x0000000050000000 0x0000000000002000 rw
rtc_data_seg     0x000000003ff80000 0x0000000000002000 rw
IDT_LIST         0x000000003ebfe010 0x0000000000002000 rw
*default*        0x0000000000000000 0xffffffffffffffff

Linker script and memory map

                0x00000000400d2820                vfprintf = __l_vfprintf
                0x0000000000000000                vfscanf = __l_vfscanf
LOAD zephyr/CMakeFiles/zephyr_pre0.dir/misc/empty_file.c.obj
LOAD zephyr/CMakeFiles/offsets.dir/./arch/xtensa/core/offsets/offsets.c.obj
LOAD app/libapp.a
LOAD zephyr/libzephyr.a
LOAD zephyr/arch/common/libarch__common.a
LOAD zephyr/arch/arch/xtensa/core/libarch__xtensa__core.a
LOAD zephyr/lib/libc/picolibc/liblib__libc__picolibc.a
LOAD zephyr/lib/libc/common/liblib__libc__common.a
LOAD zephyr/drivers/interrupt_controller/libdrivers__interrupt_controller.a
LOAD zephyr/drivers/clock_control/libdrivers__clock_control.a
LOAD zephyr/drivers/console/libdrivers__console.a
LOAD zephyr/drivers/gpio/libdrivers__gpio.a
LOAD zephyr/drivers/pinctrl/libdrivers__pinctrl.a
LOAD zephyr/drivers/serial/libdrivers__serial.a
LOAD zephyr/drivers/timer/libdrivers__timer.a
LOAD zephyr/kernel/libkernel.a
LOAD zephyr/arch/common/libisr_tables.a
LOAD /Users/joelogan/zephyr-sdk-0.17.2/xtensa-espressif_esp32_zephyr-elf/bin/../lib/gcc/xtensa-espressif_esp32_zephyr-elf/12.2.0/libgcc.a
LOAD /Users/joelogan/zephyr-sdk-0.17.2/xtensa-espressif_esp32_zephyr-elf/bin/../lib/gcc/../../picolibc/xtensa-espressif_esp32_zephyr-elf/lib/libc.a
LOAD /Users/joelogan/zephyr-sdk-0.17.2/xtensa-espressif_esp32_zephyr-elf/bin/../lib/gcc/xtensa-espressif_esp32_zephyr-elf/12.2.0/libgcc.a
                0x00000000400b8000                procpu_iram0_end = 0x400b8000
                0x0000000040080000                procpu_iram0_org = 0x40080000
                0x0000000000038000                procpu_iram0_len = (procpu_iram0_end - procpu_iram0_org)
                0x000000003ffe0000                procpu_dram0_end = 0x3ffe0000
                0x000000003ffb0000                procpu_dram0_org = 0x3ffb0000
                0x0000000000030000                procpu_dram0_len = 0x30000
                0x000000003ffe8000                procpu_dram1_org = 0x3ffe8000
                0x0000000000018000                procpu_dram1_len = 0x18000
                0x00000000400d0000                procpu_irom_org = 0x400d0000
                0x0000000000b30000                procpu_irom_len = 0xb30000
                0x000000003f400000                procpu_drom_org = 0x3f400000
                0x0000000000400000                procpu_drom_len = 0x400000
                0x0000000000000000                _rom_store_table = 0x0
                [!provide]                        PROVIDE (_memmap_vecbase_reset = 0x40000450)
                [!provide]                        PROVIDE (_memmap_reset_vector = 0x40000400)
                0x000000003ffe0000                _heap_sentry = 0x3ffe0000
                0x000000000002bcc0                _libc_heap_size = (_heap_sentry - _end)

.rel.plt        0x0000000000000000        0x0
 *(SORT_BY_ALIGNMENT(.rel.plt))
                [!provide]                        PROVIDE (__rel_iplt_start = .)
 *(SORT_BY_ALIGNMENT(.rel.iplt))
                [!provide]                        PROVIDE (__rel_iplt_end = .)

.rela.plt       0x0000000000000000        0x0
 *(SORT_BY_ALIGNMENT(.rela.plt))
                [!provide]                        PROVIDE (__rela_iplt_start = .)
 *(SORT_BY_ALIGNMENT(.rela.iplt))
                [!provide]                        PROVIDE (__rela_iplt_end = .)

.rel.dyn
 *(SORT_BY_ALIGNMENT(.rel.*))

.rela.dyn
 *(SORT_BY_ALIGNMENT(.rela.*))

.rtc.text       0x00000000400c0000        0x0 load address 0x0000000000000000
                0x00000000400c0000                . = ALIGN (0x4)
 *(SORT_BY_ALIGNMENT(.rtc.literal) SORT_BY_ALIGNMENT(.rtc.literal.*))
 *(SORT_BY_ALIGNMENT(.rtc.text) SORT_BY_ALIGNMENT(.rtc.text.*))
                0x00000000400c0000                . = ALIGN (0x4)

.rtc.dummy      0x000000003ff80000        0x0 load address 0x0000000000000000
                0x0000000000000000                . = SIZEOF (.rtc.text)

.rtc.force_fast
                0x000000003ff80000        0x0 load address 0x0000000000000000
                0x000000003ff80000                . = ALIGN (0x4)
 *(SORT_BY_ALIGNMENT(.rtc.force_fast) SORT_BY_ALIGNMENT(.rtc.force_fast.*))
                0x000000003ff80000                . = ALIGN (0x4)

.rtc.data       0x0000000050000000        0x0 load address 0x0000000000000000
                0x0000000050000000                . = ALIGN (0x4)
                0x0000000050000000                _rtc_data_start = ABSOLUTE (.)
 *(SORT_BY_ALIGNMENT(.rtc.data) SORT_BY_ALIGNMENT(.rtc.data.*))
 *(SORT_BY_ALIGNMENT(.rtc.rodata) SORT_BY_ALIGNMENT(.rtc.rodata.*))
                0x0000000050000000                . = ALIGN (0x4)

.rtc.bss        0x0000000050000000        0x0 load address 0x0000000000000000
                0x0000000050000000                _rtc_bss_start = ABSOLUTE (.)
 *(SORT_BY_ALIGNMENT(.rtc.bss) SORT_BY_ALIGNMENT(.rtc.bss.*))
                0x0000000050000000                _rtc_bss_end = ABSOLUTE (.)

.rtc_noinit     0x0000000050000000        0x0 load address 0x0000000000000000
                0x0000000050000000                . = ALIGN (0x4)
 *(SORT_BY_ALIGNMENT(.rtc_noinit) SORT_BY_ALIGNMENT(.rtc_noinit.*))
                0x0000000050000000                . = ALIGN (0x4)

.rtc.force_slow
                0x0000000050000000        0x0 load address 0x0000000000000000
                0x0000000050000000                . = ALIGN (0x4)
 *(SORT_BY_ALIGNMENT(.rtc.force_slow) SORT_BY_ALIGNMENT(.rtc.force_slow.*))
                0x0000000050000000                . = ALIGN (0x4)
                0x0000000050000000                _rtc_force_slow_end = ABSOLUTE (.)
                0x0000000000000000                _rtc_slow_length = (_rtc_force_slow_end - _rtc_data_start)

.iram0.vectors  0x0000000040080000      0x400 load address 0x0000000000000000
                0x0000000040080000                _init_start = ABSOLUTE (.)
                0x0000000000000000                . = 0x0
 *(SORT_BY_ALIGNMENT(.WindowVectors.text))
 .WindowVectors.text
                0x0000000040080000      0x16a zephyr/arch/arch/xtensa/core/libarch__xtensa__core.a(window_vectors.S.obj)
                0x0000000040080000                _WindowOverflow4
                0x0000000040080040                _WindowUnderflow4
                0x0000000040080050                _xt_alloca_exc
                0x0000000040080080                _WindowOverflow8
                0x00000000400800c0                _WindowUnderflow8
                0x0000000040080100                _WindowOverflow12
                0x0000000040080140                _WindowUnderflow12
                0x0000000000000180                . = 0x180
 *fill*         0x000000004008016a       0x16 
 *(SORT_BY_ALIGNMENT(.Level2InterruptVector.text))
 .Level2InterruptVector.text
                0x0000000040080180       0x29 zephyr/arch/arch/xtensa/core/libarch__xtensa__core.a(xtensa_asm2_util.S.obj)
                0x0000000040080180                _Level2Vector
                0x00000000000001c0                . = 0x1c0
 *fill*         0x00000000400801a9       0x17 
 *(SORT_BY_ALIGNMENT(.Level3InterruptVector.text))
 .Level3InterruptVector.text
                0x00000000400801c0       0x25 zephyr/arch/arch/xtensa/core/libarch__xtensa__core.a(xtensa_asm2_util.S.obj)
                                         0x29 (size before relaxing)
                0x00000000400801c0                _Level3Vector
                0x0000000000000200                . = 0x200
 *fill*         0x00000000400801e5       0x1b 
 *(SORT_BY_ALIGNMENT(.Level4InterruptVector.text))
 .Level4InterruptVector.text
                0x0000000040080200       0x25 zephyr/arch/arch/xtensa/core/libarch__xtensa__core.a(xtensa_asm2_util.S.obj)
                                         0x29 (size before relaxing)
                0x0000000040080200                _Level4Vector
                0x0000000000000240                . = 0x240
 *fill*         0x0000000040080225       0x1b 
 *(SORT_BY_ALIGNMENT(.Level5InterruptVector.text))
 .Level5InterruptVector.text
                0x0000000040080240       0x25 zephyr/arch/arch/xtensa/core/libarch__xtensa__core.a(xtensa_asm2_util.S.obj)
                                         0x29 (size before relaxing)
                0x0000000040080240                _Level5Vector
                0x0000000000000280                . = 0x280
 *fill*         0x0000000040080265       0x1b 
 *(SORT_BY_ALIGNMENT(.DebugExceptionVector.text))
 .DebugExceptionVector.text
                0x0000000040080280       0x25 zephyr/arch/arch/xtensa/core/libarch__xtensa__core.a(xtensa_asm2_util.S.obj)
                                         0x29 (size before relaxing)
                0x0000000040080280                _Level6Vector
                0x00000000000002c0                . = 0x2c0
 *fill*         0x00000000400802a5       0x1b 
 *(SORT_BY_ALIGNMENT(.NMIExceptionVector.text))
 .NMIExceptionVector.text
                0x00000000400802c0       0x25 zephyr/arch/arch/xtensa/core/libarch__xtensa__core.a(xtensa_asm2_util.S.obj)
                                         0x29 (size before relaxing)
                0x00000000400802c0                _Level7Vector
                0x0000000000000300                . = 0x300
 *fill*         0x00000000400802e5       0x1b 
 *(SORT_BY_ALIGNMENT(.KernelExceptionVector.text))
 .KernelExceptionVector.text
                0x0000000040080300        0x3 zephyr/arch/arch/xtensa/core/libarch__xtensa__core.a(xtensa_asm2_util.S.obj)
                0x0000000040080300                _KernelExceptionVector
                0x0000000000000340                . = 0x340
 *fill*         0x0000000040080303       0x3d 
 *(SORT_BY_ALIGNMENT(.UserExceptionVector.text))
 .UserExceptionVector.text
                0x0000000040080340       0x16 zephyr/arch/arch/xtensa/core/libarch__xtensa__core.a(xtensa_asm2_util.S.obj)
                0x0000000040080340                _Level1RealVector
                0x00000000000003c0                . = 0x3c0
 *fill*         0x0000000040080356       0x6a 
 *(SORT_BY_ALIGNMENT(.DoubleExceptionVector.text))
 .DoubleExceptionVector.text
                0x00000000400803c0        0x3 zephyr/arch/arch/xtensa/core/libarch__xtensa__core.a(xtensa_asm2_util.S.obj)
                0x00000000400803c0                _DoubleExceptionVector
                0x0000000000000400                . = 0x400
 *fill*         0x00000000400803c3       0x3d 
 *(SORT_BY_ALIGNMENT(.*Vector.literal))
 *(SORT_BY_ALIGNMENT(.UserEnter.literal))
 *(SORT_BY_ALIGNMENT(.UserEnter.text))
                0x0000000040080400                . = ALIGN (0x10)
 *(SORT_BY_ALIGNMENT(.entry.text))
 *(SORT_BY_ALIGNMENT(.init.literal))
 *(.init)
                0x0000000040080400                _init_end = ABSOLUTE (.)
                0x0000000040080400                _iram_start = ABSOLUTE (.)

.iram0.text     0x0000000040080400     0x7700 load address 0x0000000000000400
                0x0000000040080400                _iram_text_start = ABSOLUTE (.)
 *(SORT_BY_ALIGNMENT(.iram1) SORT_BY_ALIGNMENT(.iram1.*))
 .iram1.0.literal
                0x0000000040080400        0x0 zephyr/libzephyr.a(soc.c.obj)
                                         0x10 (size before relaxing)
 .iram1.2.literal
                0x0000000040080400        0x4 zephyr/libzephyr.a(soc.c.obj)
                                          0x8 (size before relaxing)
 .iram1.3.literal
                0x0000000040080404        0x4 zephyr/libzephyr.a(cache_esp32.c.obj)
 .iram1.5.literal
                0x0000000040080408        0x8 zephyr/libzephyr.a(esp_flash_api.c.obj)
 .iram1.6.literal
                0x0000000040080410        0x4 zephyr/libzephyr.a(esp_flash_api.c.obj)
 .iram1.10.literal
                0x0000000040080414        0x0 zephyr/libzephyr.a(esp_flash_api.c.obj)
                                          0x8 (size before relaxing)
 .iram1.12.literal
                0x0000000040080414       0x14 zephyr/libzephyr.a(esp_flash_api.c.obj)
                                         0x1c (size before relaxing)
 .iram1.13.literal
                0x0000000040080428        0x4 zephyr/libzephyr.a(esp_flash_api.c.obj)
                                          0x8 (size before relaxing)
 .iram1.9.literal
                0x000000004008042c       0x1c zephyr/libzephyr.a(esp_flash_api.c.obj)
                                         0x58 (size before relaxing)
 .iram1.1.literal
                0x0000000040080448        0x4 zephyr/libzephyr.a(flash_mmap.c.obj)
                                         0x10 (size before relaxing)
 .iram1.8.literal
                0x000000004008044c        0x4 zephyr/libzephyr.a(flash_ops.c.obj)
 .iram1.10.literal
                0x0000000040080450        0x4 zephyr/libzephyr.a(flash_ops.c.obj)
                                          0xc (size before relaxing)
 .iram1.8.literal
                0x0000000040080454        0x4 zephyr/libzephyr.a(spi_flash_os_func_noos.c.obj)
 .iram1.7.literal
                0x0000000040080458        0x4 zephyr/libzephyr.a(spi_flash_os_func_noos.c.obj)
 .iram1.6.literal
                0x000000004008045c        0x4 zephyr/libzephyr.a(spi_flash_os_func_noos.c.obj)
 .iram1.7.literal
                0x0000000040080460        0x0 zephyr/libzephyr.a(spi_flash_os_func_app.c.obj)
                                          0x8 (size before relaxing)
 .iram1.4.literal
                0x0000000040080460        0x0 zephyr/libzephyr.a(spi_flash_os_func_app.c.obj)
                                          0x4 (size before relaxing)
 .iram1.8.literal
                0x0000000040080460        0x0 zephyr/libzephyr.a(spi_flash_os_func_app.c.obj)
                                          0x4 (size before relaxing)
 .iram1.6.literal
                0x0000000040080460        0x0 zephyr/libzephyr.a(spi_flash_os_func_app.c.obj)
                                          0x4 (size before relaxing)
 .iram1.3.literal
                0x0000000040080460        0x0 zephyr/libzephyr.a(spi_flash_os_func_app.c.obj)
                                          0x4 (size before relaxing)
 .iram1.2.literal
                0x0000000040080460        0x0 zephyr/libzephyr.a(spi_flash_os_func_app.c.obj)
                                          0x4 (size before relaxing)
 .iram1.5.literal
                0x0000000040080460        0x8 zephyr/libzephyr.a(spi_flash_os_func_app.c.obj)
                                         0x10 (size before relaxing)
 .iram1.2.literal
                0x0000000040080468        0xc zephyr/libzephyr.a(esp_clk.c.obj)
 .iram1.2.literal
                0x0000000040080474        0x4 zephyr/libzephyr.a(regi2c_ctrl.c.obj)
 .iram1.3.literal
                0x0000000040080478        0x4 zephyr/libzephyr.a(regi2c_ctrl.c.obj)
 .iram1.6.literal
                0x000000004008047c       0x10 zephyr/libzephyr.a(rtc_module.c.obj)
 .iram1.7.literal
                0x000000004008048c        0x0 zephyr/libzephyr.a(rtc_module.c.obj)
                                          0xc (size before relaxing)
 .iram1.1.literal
                0x000000004008048c        0x4 zephyr/libzephyr.a(rtc_clk.c.obj)
 .iram1.1.literal
                0x0000000040080490        0x4 zephyr/libzephyr.a(esp_mmu_map.c.obj)
 .iram1.1.literal
                0x0000000040080494        0x0 zephyr/libzephyr.a(esp_rom_sys.c.obj)
                                          0x4 (size before relaxing)
 .iram1.2.literal
                0x0000000040080494        0xc zephyr/libzephyr.a(esp_rom_uart.c.obj)
 .iram1.3.literal
                0x00000000400804a0        0x8 zephyr/libzephyr.a(esp_rom_uart.c.obj)
                                         0x14 (size before relaxing)
 .iram1.0.literal
                0x00000000400804a8        0xc zephyr/libzephyr.a(esp_rom_gpio.c.obj)
 .iram1.0.literal
                0x00000000400804b4        0x0 zephyr/libzephyr.a(efuse_hal.c.obj)
                                          0x8 (size before relaxing)
 .iram1.0.literal
                0x00000000400804b4        0xc zephyr/libzephyr.a(efuse_hal.c.obj)
 .iram1.1.literal
                0x00000000400804c0        0x0 zephyr/libzephyr.a(efuse_hal.c.obj)
                                          0x4 (size before relaxing)
 .iram1.0.literal
                0x00000000400804c0        0x4 zephyr/libzephyr.a(cache_utils.c.obj)
                                          0xc (size before relaxing)
 .iram1.1.literal
                0x00000000400804c4        0x0 zephyr/libzephyr.a(cache_utils.c.obj)
                                          0xc (size before relaxing)
 .iram1.7.literal
                0x00000000400804c4       0x28 zephyr/libzephyr.a(bootloader_flash.c.obj)
                                         0x2c (size before relaxing)
 .iram1.8.literal
                0x00000000400804ec        0x0 zephyr/libzephyr.a(bootloader_flash.c.obj)
                                          0x4 (size before relaxing)
 .iram1.6.literal
                0x00000000400804ec        0x0 zephyr/libzephyr.a(bootloader_flash.c.obj)
                                         0x3c (size before relaxing)
 .iram1.9.literal
                0x00000000400804ec        0x0 zephyr/libzephyr.a(bootloader_flash.c.obj)
                                          0x8 (size before relaxing)
 .iram1.10.literal
                0x00000000400804ec        0x0 zephyr/libzephyr.a(bootloader_flash.c.obj)
                                          0x4 (size before relaxing)
 .iram1.13.literal
                0x00000000400804ec        0xc zephyr/libzephyr.a(bootloader_flash.c.obj)
                                         0x44 (size before relaxing)
 .iram1.literal
                0x00000000400804f8        0x0 zephyr/arch/arch/xtensa/core/libarch__xtensa__core.a(debug_helpers_asm.S.obj)
                                          0x4 (size before relaxing)
 .iram1.3.literal
                0x00000000400804f8        0x4 zephyr/drivers/interrupt_controller/libdrivers__interrupt_controller.a(intc_esp32.c.obj)
                                          0xc (size before relaxing)
 .iram1.4.literal
                0x00000000400804fc        0xc zephyr/drivers/interrupt_controller/libdrivers__interrupt_controller.a(intc_esp32.c.obj)
                                         0x18 (size before relaxing)
 .iram1.5.literal
                0x0000000040080508        0x0 zephyr/drivers/interrupt_controller/libdrivers__interrupt_controller.a(intc_esp32.c.obj)
                                         0x10 (size before relaxing)
 .iram1.2.literal
                0x0000000040080508        0x8 zephyr/drivers/gpio/libdrivers__gpio.a(gpio_esp32.c.obj)
                                         0x10 (size before relaxing)
 .iram1.0.literal
                0x0000000040080510       0x28 zephyr/drivers/gpio/libdrivers__gpio.a(gpio_esp32.c.obj)
                                         0x30 (size before relaxing)
 .literal.arch_cpu_idle
                0x0000000040080538        0x0 zephyr/arch/arch/xtensa/core/libarch__xtensa__core.a(cpu_idle.c.obj)
                                          0x4 (size before relaxing)
 .literal.xtensa_exccause
                0x0000000040080538        0x8 zephyr/arch/arch/xtensa/core/libarch__xtensa__core.a(fatal.c.obj)
 .literal.xtensa_fatal_error
                0x0000000040080540        0x0 zephyr/arch/arch/xtensa/core/libarch__xtensa__core.a(fatal.c.obj)
                                          0xc (size before relaxing)
 .literal       0x0000000040080540        0x4 zephyr/arch/arch/xtensa/core/libarch__xtensa__core.a(xtensa_asm2_util.S.obj)
                                          0x8 (size before relaxing)
 .literal.z_irq_spurious
                0x0000000040080544        0x0 zephyr/arch/arch/xtensa/core/libarch__xtensa__core.a(irq_manage.c.obj)
                                          0x4 (size before relaxing)
 .literal.arch_new_thread
                0x0000000040080544        0xc zephyr/arch/arch/xtensa/core/libarch__xtensa__core.a(thread.c.obj)
 .literal.return_to
                0x0000000040080550        0x4 zephyr/arch/arch/xtensa/core/libarch__xtensa__core.a(vector_handlers.c.obj)
                                          0x8 (size before relaxing)
 .literal.xtensa_is_outside_stack_bounds
                0x0000000040080554        0x4 zephyr/arch/arch/xtensa/core/libarch__xtensa__core.a(vector_handlers.c.obj)
                                          0x8 (size before relaxing)
 .literal.xtensa_is_frame_pointer_valid
                0x0000000040080558        0x0 zephyr/arch/arch/xtensa/core/libarch__xtensa__core.a(vector_handlers.c.obj)
                                          0x8 (size before relaxing)
 .literal.xtensa_dump_stack
                0x0000000040080558       0x1c zephyr/arch/arch/xtensa/core/libarch__xtensa__core.a(vector_handlers.c.obj)
                                         0x3c (size before relaxing)
 .literal.xtensa_int2_c
                0x0000000040080574        0x4 zephyr/arch/arch/xtensa/core/libarch__xtensa__core.a(vector_handlers.c.obj)
                                          0x8 (size before relaxing)
 .literal.xtensa_int3_c
                0x0000000040080578        0x4 zephyr/arch/arch/xtensa/core/libarch__xtensa__core.a(vector_handlers.c.obj)
                                          0xc (size before relaxing)
 .literal.xtensa_int4_c
                0x000000004008057c        0x0 zephyr/arch/arch/xtensa/core/libarch__xtensa__core.a(vector_handlers.c.obj)
                                          0x8 (size before relaxing)
 .literal.xtensa_int5_c
                0x000000004008057c        0x0 zephyr/arch/arch/xtensa/core/libarch__xtensa__core.a(vector_handlers.c.obj)
                                          0x8 (size before relaxing)
 .literal.xtensa_int6_c
                0x000000004008057c        0x0 zephyr/arch/arch/xtensa/core/libarch__xtensa__core.a(vector_handlers.c.obj)
                                          0x4 (size before relaxing)
 .literal.xtensa_int7_c
                0x000000004008057c        0x0 zephyr/arch/arch/xtensa/core/libarch__xtensa__core.a(vector_handlers.c.obj)
                                          0x8 (size before relaxing)
 .literal.xtensa_excint1_c
                0x000000004008057c       0x24 zephyr/arch/arch/xtensa/core/libarch__xtensa__core.a(vector_handlers.c.obj)
                                         0x64 (size before relaxing)
 .literal.z_prep_c
                0x00000000400805a0        0x0 zephyr/arch/arch/xtensa/core/libarch__xtensa__core.a(prep_c.c.obj)
                                          0x8 (size before relaxing)
 .literal.xtensa_cpu_process_stack_pc
                0x00000000400805a0        0xc zephyr/arch/arch/xtensa/core/libarch__xtensa__core.a(xtensa_backtrace.c.obj)
 .literal.xtensa_ptr_executable
                0x00000000400805ac       0x1c zephyr/arch/arch/xtensa/core/libarch__xtensa__core.a(xtensa_backtrace.c.obj)
 .literal.xtensa_stack_ptr_is_sane
                0x00000000400805c8        0x8 zephyr/arch/arch/xtensa/core/libarch__xtensa__core.a(xtensa_backtrace.c.obj)
                                          0xc (size before relaxing)
 .literal.xtensa_backtrace_get_next_frame
                0x00000000400805d0        0x0 zephyr/arch/arch/xtensa/core/libarch__xtensa__core.a(xtensa_backtrace.c.obj)
                                         0x10 (size before relaxing)
 .literal.xtensa_backtrace_print
                0x00000000400805d0       0x14 zephyr/arch/arch/xtensa/core/libarch__xtensa__core.a(xtensa_backtrace.c.obj)
                                         0x54 (size before relaxing)
 .literal.k_sys_fatal_error_handler
                0x00000000400805e4        0x0 zephyr/kernel/libkernel.a(fatal.c.obj)
                                          0x4 (size before relaxing)
 .literal.z_fatal_error
                0x00000000400805e4        0x0 zephyr/kernel/libkernel.a(fatal.c.obj)
                                          0xc (size before relaxing)
 .literal.z_sys_init_run_level
                0x00000000400805e4        0x4 zephyr/kernel/libkernel.a(init.c.obj)
                                          0x8 (size before relaxing)
 .literal.bg_thread_main
                0x00000000400805e8        0xc zephyr/kernel/libkernel.a(init.c.obj)
                                         0x38 (size before relaxing)
 .literal.z_early_memset
                0x00000000400805f4        0x0 zephyr/kernel/libkernel.a(init.c.obj)
                                          0x4 (size before relaxing)
 .literal.z_bss_zero
                0x00000000400805f4        0x8 zephyr/kernel/libkernel.a(init.c.obj)
                                          0xc (size before relaxing)
 .literal.z_init_cpu
                0x00000000400805fc        0xc zephyr/kernel/libkernel.a(init.c.obj)
                                         0x18 (size before relaxing)
 .literal.z_cstart
                0x0000000040080608       0x10 zephyr/kernel/libkernel.a(init.c.obj)
                                         0x48 (size before relaxing)
 .literal.idle  0x0000000040080618        0x0 zephyr/kernel/libkernel.a(idle.c.obj)
                                          0x4 (size before relaxing)
 .literal.z_setup_new_thread
                0x0000000040080618        0x0 zephyr/kernel/libkernel.a(thread.c.obj)
                                          0x8 (size before relaxing)
 .literal.z_dummy_thread_init
                0x0000000040080618        0x0 zephyr/kernel/libkernel.a(thread.c.obj)
                                          0x8 (size before relaxing)
 .literal.unpend_thread_no_timeout
                0x0000000040080618        0x0 zephyr/kernel/libkernel.a(sched.c.obj)
                                          0x4 (size before relaxing)
 .literal.ready_thread
                0x0000000040080618        0x4 zephyr/kernel/libkernel.a(sched.c.obj)
                                          0xc (size before relaxing)
 .literal.unready_thread
                0x000000004008061c        0x0 zephyr/kernel/libkernel.a(sched.c.obj)
                                         0x10 (size before relaxing)
 .literal.z_swap
                0x000000004008061c        0x4 zephyr/kernel/libkernel.a(sched.c.obj)
                                         0x10 (size before relaxing)
 .literal.move_thread_to_end_of_prio_q
                0x0000000040080620        0x0 zephyr/kernel/libkernel.a(sched.c.obj)
                                         0x10 (size before relaxing)
 .literal.z_ready_thread
                0x0000000040080620        0x0 zephyr/kernel/libkernel.a(sched.c.obj)
                                          0x4 (size before relaxing)
 .literal.z_unpend_thread_no_timeout
                0x0000000040080620        0x0 zephyr/kernel/libkernel.a(sched.c.obj)
                                          0x4 (size before relaxing)
 .literal.z_sched_wake_thread
                0x0000000040080620        0x0 zephyr/kernel/libkernel.a(sched.c.obj)
                                          0x8 (size before relaxing)
 .literal.z_thread_timeout
                0x0000000040080620        0x0 zephyr/kernel/libkernel.a(sched.c.obj)
                                          0x4 (size before relaxing)
 .literal.z_unpend_thread
                0x0000000040080620        0x0 zephyr/kernel/libkernel.a(sched.c.obj)
                                          0x8 (size before relaxing)
 .literal.z_reschedule
                0x0000000040080620        0x0 zephyr/kernel/libkernel.a(sched.c.obj)
                                          0x8 (size before relaxing)
 .literal.z_reschedule_irqlock
                0x0000000040080620        0x0 zephyr/kernel/libkernel.a(sched.c.obj)
                                          0xc (size before relaxing)
 .literal.k_sched_lock
                0x0000000040080620        0x0 zephyr/kernel/libkernel.a(sched.c.obj)
                                          0x4 (size before relaxing)
 .literal.k_sched_unlock
                0x0000000040080620        0x0 zephyr/kernel/libkernel.a(sched.c.obj)
                                         0x10 (size before relaxing)
 .literal.z_swap_next_thread
                0x0000000040080620        0x0 zephyr/kernel/libkernel.a(sched.c.obj)
                                          0x4 (size before relaxing)
 .literal.z_get_next_switch_handle
                0x0000000040080620        0x0 zephyr/kernel/libkernel.a(sched.c.obj)
                                          0x4 (size before relaxing)
 .literal.z_unpend_all
                0x0000000040080620        0x0 zephyr/kernel/libkernel.a(sched.c.obj)
                                          0x8 (size before relaxing)
 .literal.z_sched_init
                0x0000000040080620        0x0 zephyr/kernel/libkernel.a(sched.c.obj)
                                          0x8 (size before relaxing)
 .literal.z_impl_k_yield
                0x0000000040080620        0x0 zephyr/kernel/libkernel.a(sched.c.obj)
                                         0x14 (size before relaxing)
 .literal.z_tick_sleep
                0x0000000040080620        0x0 zephyr/kernel/libkernel.a(sched.c.obj)
                                         0x20 (size before relaxing)
 .literal.z_impl_k_sleep
                0x0000000040080620        0x4 zephyr/kernel/libkernel.a(sched.c.obj)
                                          0xc (size before relaxing)
 .literal.z_impl_k_wakeup
                0x0000000040080624        0x0 zephyr/kernel/libkernel.a(sched.c.obj)
                                         0x10 (size before relaxing)
 .literal.z_impl_k_sched_current_thread_query
                0x0000000040080624        0x0 zephyr/kernel/libkernel.a(sched.c.obj)
                                          0x4 (size before relaxing)
 .literal.z_thread_abort
                0x0000000040080624        0x0 zephyr/kernel/libkernel.a(sched.c.obj)
                                         0x3c (size before relaxing)
 .literal.z_impl_k_thread_abort
                0x0000000040080624        0x0 zephyr/kernel/libkernel.a(sched.c.obj)
                                          0x4 (size before relaxing)
 .literal.slice_timeout
                0x0000000040080624        0xc zephyr/kernel/libkernel.a(timeslicing.c.obj)
 .literal.thread_is_sliceable
                0x0000000040080630        0x8 zephyr/kernel/libkernel.a(timeslicing.c.obj)
                                          0xc (size before relaxing)
 .literal.z_reset_time_slice
                0x0000000040080638        0x4 zephyr/kernel/libkernel.a(timeslicing.c.obj)
                                         0x20 (size before relaxing)
 .literal.z_time_slice
                0x000000004008063c        0x0 zephyr/kernel/libkernel.a(timeslicing.c.obj)
                                         0x14 (size before relaxing)
 .literal.first
                0x000000004008063c        0x4 zephyr/kernel/libkernel.a(timeout.c.obj)
 .literal.next_timeout
                0x0000000040080640        0x0 zephyr/kernel/libkernel.a(timeout.c.obj)
                                          0x8 (size before relaxing)
 .literal.elapsed
                0x0000000040080640        0x4 zephyr/kernel/libkernel.a(timeout.c.obj)
                                          0x8 (size before relaxing)
 .literal.remove_timeout
                0x0000000040080644        0x0 zephyr/kernel/libkernel.a(timeout.c.obj)
                                          0x4 (size before relaxing)
 .literal.z_add_timeout
                0x0000000040080644        0x4 zephyr/kernel/libkernel.a(timeout.c.obj)
                                         0x24 (size before relaxing)
 .literal.z_abort_timeout
                0x0000000040080648        0x8 zephyr/kernel/libkernel.a(timeout.c.obj)
                                         0x1c (size before relaxing)
 .literal.sys_clock_announce
                0x0000000040080650        0x0 zephyr/kernel/libkernel.a(timeout.c.obj)
                                         0x20 (size before relaxing)
 .literal.sys_clock_tick_get
                0x0000000040080650        0x0 zephyr/kernel/libkernel.a(timeout.c.obj)
                                          0x8 (size before relaxing)
 .literal.sys_clock_tick_get_32
                0x0000000040080650        0x0 zephyr/kernel/libkernel.a(timeout.c.obj)
                                          0x4 (size before relaxing)
 .literal.z_impl_k_uptime_ticks
                0x0000000040080650        0x0 zephyr/kernel/libkernel.a(timeout.c.obj)
                                          0x4 (size before relaxing)
 .literal.k_free
                0x0000000040080650        0x0 zephyr/kernel/libkernel.a(mempool.c.obj)
                                          0x4 (size before relaxing)
 .literal.k_malloc
                0x0000000040080650        0x8 zephyr/kernel/libkernel.a(mempool.c.obj)
                                          0xc (size before relaxing)
 .literal.k_thread_system_pool_assign
                0x0000000040080658        0x0 zephyr/kernel/libkernel.a(mempool.c.obj)
                                          0x4 (size before relaxing)
 .literal.boot_banner
                0x0000000040080658        0x4 zephyr/kernel/libkernel.a(banner.c.obj)
                                          0x8 (size before relaxing)
 .literal.k_heap_init
                0x000000004008065c        0x0 zephyr/kernel/libkernel.a(kheap.c.obj)
                                          0x4 (size before relaxing)
 .literal.statics_init
                0x000000004008065c        0x8 zephyr/kernel/libkernel.a(kheap.c.obj)
                                          0xc (size before relaxing)
 .literal.k_heap_free
                0x0000000040080664        0x0 zephyr/kernel/libkernel.a(kheap.c.obj)
                                          0xc (size before relaxing)
 .literal       0x0000000040080664        0x4 zephyr/libzephyr.a(windowspill_asm.S.obj)
 .literal.char_out
                0x0000000040080668        0x4 zephyr/libzephyr.a(printk.c.obj)
 .literal.vprintk
                0x000000004008066c        0x4 zephyr/libzephyr.a(printk.c.obj)
                                          0xc (size before relaxing)
 .literal.printk
                0x0000000040080670        0x0 zephyr/libzephyr.a(printk.c.obj)
                                          0x4 (size before relaxing)
 .literal.esp_log_impl_lock
                0x0000000040080670        0x4 zephyr/libzephyr.a(log_noos.c.obj)
                                          0x8 (size before relaxing)
 .literal.esp_log_impl_lock_timeout
                0x0000000040080674        0x0 zephyr/libzephyr.a(log_noos.c.obj)
                                          0x4 (size before relaxing)
 .literal.esp_log_impl_unlock
                0x0000000040080674        0x0 zephyr/libzephyr.a(log_noos.c.obj)
                                          0x8 (size before relaxing)
 .literal.esp_log_early_timestamp
                0x0000000040080674        0x4 zephyr/libzephyr.a(log_noos.c.obj)
 .literal.map_rom_segments
                0x0000000040080678       0x68 zephyr/libzephyr.a(loader.c.obj)
                                         0xb8 (size before relaxing)
 .literal.__start
                0x00000000400806e0       0x24 zephyr/libzephyr.a(loader.c.obj)
                                         0x70 (size before relaxing)
 .literal.esp_flash_config
                0x0000000040080704        0x8 zephyr/libzephyr.a(flash_init.c.obj)
                                         0x28 (size before relaxing)
 .literal.get_chip_ver_pkg
                0x000000004008070c        0x0 zephyr/libzephyr.a(soc_flash_init.c.obj)
                                          0x4 (size before relaxing)
 .literal.flash_update_id
                0x000000004008070c        0x0 zephyr/libzephyr.a(soc_flash_init.c.obj)
                                          0x8 (size before relaxing)
 .literal.flash_cs_timing_config
                0x000000004008070c       0x10 zephyr/libzephyr.a(soc_flash_init.c.obj)
 .literal.flash_gpio_config
                0x000000004008071c       0x24 zephyr/libzephyr.a(soc_flash_init.c.obj)
                                         0x54 (size before relaxing)
 .literal.flash_dummy_config
                0x0000000040080740        0x8 zephyr/libzephyr.a(soc_flash_init.c.obj)
                                         0x10 (size before relaxing)
 .literal.flash_get_wp_pin
                0x0000000040080748        0x0 zephyr/libzephyr.a(soc_flash_init.c.obj)
                                          0x8 (size before relaxing)
 .literal.init_spi_flash
                0x0000000040080748       0x3c zephyr/libzephyr.a(soc_flash_init.c.obj)
                                         0x88 (size before relaxing)
 .literal.esp_console_init
                0x0000000040080784        0x4 zephyr/libzephyr.a(console_init.c.obj)
                                         0x10 (size before relaxing)
 .literal.soc_random_enable
                0x0000000040080788       0x4c zephyr/libzephyr.a(soc_random.c.obj)
                                         0x58 (size before relaxing)
 .literal.soc_random_disable
                0x00000000400807d4        0x8 zephyr/libzephyr.a(soc_random.c.obj)
                                         0x48 (size before relaxing)
 .literal.print_banner
                0x00000000400807dc       0x10 zephyr/libzephyr.a(soc_init.c.obj)
                                         0x2c (size before relaxing)
 .literal.read_bootloader_header
                0x00000000400807ec        0x4 zephyr/libzephyr.a(soc_init.c.obj)
                                         0x1c (size before relaxing)
 .literal.config_wdt
                0x00000000400807f0        0x4 zephyr/libzephyr.a(soc_init.c.obj)
                                         0x20 (size before relaxing)
 .literal.check_bootloader_validity
                0x00000000400807f4       0x1c zephyr/libzephyr.a(soc_init.c.obj)
                                         0x68 (size before relaxing)
 .literal.wdt_reset_info_dump
                0x0000000040080810       0x30 zephyr/libzephyr.a(soc_init.c.obj)
                                         0x3c (size before relaxing)
 .literal.wdt_reset_cpu0_info_enable
                0x0000000040080840        0x4 zephyr/libzephyr.a(soc_init.c.obj)
 .literal.check_wdt_reset
                0x0000000040080844        0x8 zephyr/libzephyr.a(soc_init.c.obj)
                                         0x20 (size before relaxing)
 .literal.reset_mmu
                0x000000004008084c        0x4 zephyr/libzephyr.a(soc_init.c.obj)
                                         0x10 (size before relaxing)
 .literal.hardware_init
                0x0000000040080850        0x8 zephyr/libzephyr.a(hw_init.c.obj)
                                         0x54 (size before relaxing)
 .literal.rtc_init
                0x0000000040080858       0x8c zephyr/libzephyr.a(rtc_init.c.obj)
                                         0xa8 (size before relaxing)
 .literal.rtc_vddsdio_get_config
                0x00000000400808e4        0x8 zephyr/libzephyr.a(rtc_init.c.obj)
                                          0xc (size before relaxing)
 .literal.rtc_vddsdio_set_config
                0x00000000400808ec        0x0 zephyr/libzephyr.a(rtc_init.c.obj)
                                          0x4 (size before relaxing)
 .literal.rtc_clk_32k_enable_common
                0x00000000400808ec        0xc zephyr/libzephyr.a(rtc_clk.c.obj)
 .literal.rtc_clk_bbpll_disable
                0x00000000400808f8        0x4 zephyr/libzephyr.a(rtc_clk.c.obj)
                                          0xc (size before relaxing)
 .literal.rtc_clk_32k_enable
                0x00000000400808fc        0x4 zephyr/libzephyr.a(rtc_clk.c.obj)
                                         0x10 (size before relaxing)
 .literal.rtc_clk_32k_enable_external
                0x0000000040080900        0x0 zephyr/libzephyr.a(rtc_clk.c.obj)
                                          0x4 (size before relaxing)
 .literal.rtc_clk_8m_enable
                0x0000000040080900        0x0 zephyr/libzephyr.a(rtc_clk.c.obj)
                                         0x10 (size before relaxing)
 .literal.rtc_clk_8m_enabled
                0x0000000040080900        0x0 zephyr/libzephyr.a(rtc_clk.c.obj)
                                          0x4 (size before relaxing)
 .literal.rtc_clk_8md256_enabled
                0x0000000040080900        0x0 zephyr/libzephyr.a(rtc_clk.c.obj)
                                          0x4 (size before relaxing)
 .literal.rtc_clk_slow_src_set
                0x0000000040080900        0x0 zephyr/libzephyr.a(rtc_clk.c.obj)
                                         0x10 (size before relaxing)
 .literal.rtc_clk_slow_src_get
                0x0000000040080900        0x0 zephyr/libzephyr.a(rtc_clk.c.obj)
                                          0x4 (size before relaxing)
 .literal.rtc_clk_fast_src_set
                0x0000000040080900        0x0 zephyr/libzephyr.a(rtc_clk.c.obj)
                                         0x10 (size before relaxing)
 .literal.rtc_clk_fast_src_get
                0x0000000040080900        0x0 zephyr/libzephyr.a(rtc_clk.c.obj)
                                          0x4 (size before relaxing)
 .literal.rtc_clk_cpu_freq_to_pll_mhz
                0x0000000040080900       0x30 zephyr/libzephyr.a(rtc_clk.c.obj)
                                         0x50 (size before relaxing)
 .literal.rtc_clk_xtal_freq_get
                0x0000000040080930        0x8 zephyr/libzephyr.a(rtc_clk.c.obj)
 .literal.rtc_clk_cpu_freq_mhz_to_config
                0x0000000040080938        0x0 zephyr/libzephyr.a(rtc_clk.c.obj)
                                          0x4 (size before relaxing)
 .literal.rtc_clk_cpu_freq_get_config
                0x0000000040080938        0xc zephyr/libzephyr.a(rtc_clk.c.obj)
                                         0x28 (size before relaxing)
 .literal.rtc_clk_xtal_freq_update
                0x0000000040080944        0x4 zephyr/libzephyr.a(rtc_clk.c.obj)
                                          0x8 (size before relaxing)
 .literal.rtc_clk_apb_freq_update
                0x0000000040080948        0x0 zephyr/libzephyr.a(rtc_clk.c.obj)
                                          0x4 (size before relaxing)
 .literal.rtc_clk_cpu_freq_to_xtal
                0x0000000040080948        0x4 zephyr/libzephyr.a(rtc_clk.c.obj)
                                         0x2c (size before relaxing)
 .literal.rtc_clk_cpu_freq_set_config
                0x000000004008094c       0x24 zephyr/libzephyr.a(rtc_clk.c.obj)
                                         0xbc (size before relaxing)
 .literal.rtc_clk_apb_freq_get
                0x0000000040080970        0xc zephyr/libzephyr.a(rtc_clk.c.obj)
                                         0x14 (size before relaxing)
 .literal.rtc_clk_xtal_freq_estimate
                0x000000004008097c       0x18 zephyr/libzephyr.a(rtc_clk_init.c.obj)
                                         0x4c (size before relaxing)
 .literal.rtc_clk_init
                0x0000000040080994       0x1c zephyr/libzephyr.a(rtc_clk_init.c.obj)
                                         0x9c (size before relaxing)
 .literal.rtc_clk_cal_internal
                0x00000000400809b0       0x28 zephyr/libzephyr.a(rtc_time.c.obj)
                                         0x60 (size before relaxing)
 .literal.rtc_clk_cal_ratio
                0x00000000400809d8        0x0 zephyr/libzephyr.a(rtc_time.c.obj)
                                          0xc (size before relaxing)
 .literal.rtc_clk_cal
                0x00000000400809d8        0x0 zephyr/libzephyr.a(rtc_time.c.obj)
                                         0x18 (size before relaxing)
 .literal.rtc_clk_wait_for_slow_cycle
                0x00000000400809d8        0xc zephyr/libzephyr.a(rtc_time.c.obj)
                                         0x34 (size before relaxing)
 .literal.rtc_clk_freq_cal
                0x00000000400809e4        0x0 zephyr/libzephyr.a(rtc_time.c.obj)
                                          0x4 (size before relaxing)
 .literal.ccompare_isr
                0x00000000400809e4        0x8 zephyr/drivers/timer/libdrivers__timer.a(xtensa_sys_timer.c.obj)
                                          0xc (size before relaxing)
 .literal.sys_clock_set_timeout
                0x00000000400809ec        0xc zephyr/drivers/timer/libdrivers__timer.a(xtensa_sys_timer.c.obj)
                                         0x14 (size before relaxing)
 .literal.sys_clock_elapsed
                0x00000000400809f8        0x0 zephyr/drivers/timer/libdrivers__timer.a(xtensa_sys_timer.c.obj)
                                          0x8 (size before relaxing)
 .literal.console_out
                0x00000000400809f8        0x4 zephyr/drivers/console/libdrivers__console.a(uart_console.c.obj)
 .literal.mmu_hal_unmap_all
                0x00000000400809fc        0x4 zephyr/libzephyr.a(mmu_hal.c.obj)
 .literal.cache_sync
                0x0000000040080a00        0x4 zephyr/libzephyr.a(cache_esp32.c.obj)
 .literal.cache_hal_suspend
                0x0000000040080a04        0xc zephyr/libzephyr.a(cache_hal_esp32.c.obj)
                                         0x10 (size before relaxing)
 .literal.cache_hal_resume
                0x0000000040080a10        0x0 zephyr/libzephyr.a(cache_hal_esp32.c.obj)
                                          0xc (size before relaxing)
 .literal.wdt_hal_write_protect_disable
                0x0000000040080a10        0x4 zephyr/libzephyr.a(wdt_hal_iram.c.obj)
 .literal.wdt_hal_set_flashboot_en
                0x0000000040080a14        0x0 zephyr/libzephyr.a(wdt_hal_iram.c.obj)
                                          0x4 (size before relaxing)
 .literal.spi_flash_ll_set_buffer_data
                0x0000000040080a14        0x4 zephyr/libzephyr.a(spi_flash_hal_iram.c.obj)
 .literal.spi_flash_ll_get_buffer_data
                0x0000000040080a18        0x0 zephyr/libzephyr.a(spi_flash_hal_iram.c.obj)
                                          0x8 (size before relaxing)
 .literal.spi_flash_hal_configure_host_io_mode
                0x0000000040080a18        0x8 zephyr/libzephyr.a(spi_flash_hal_iram.c.obj)
                                         0x28 (size before relaxing)
 .literal.spi_flash_hal_common_command
                0x0000000040080a20        0x0 zephyr/libzephyr.a(spi_flash_hal_iram.c.obj)
                                         0x18 (size before relaxing)
 .literal.spi_flash_hal_read
                0x0000000040080a20        0x0 zephyr/libzephyr.a(spi_flash_hal_iram.c.obj)
                                          0xc (size before relaxing)
 .literal.spi_flash_hal_erase_sector
                0x0000000040080a20        0x0 zephyr/libzephyr.a(spi_flash_hal_iram.c.obj)
                                          0x8 (size before relaxing)
 .literal.spi_flash_hal_erase_block
                0x0000000040080a20        0x0 zephyr/libzephyr.a(spi_flash_hal_iram.c.obj)
                                          0x8 (size before relaxing)
 .literal.spi_flash_hal_program_page
                0x0000000040080a20        0x0 zephyr/libzephyr.a(spi_flash_hal_iram.c.obj)
                                         0x10 (size before relaxing)
 .literal.spi_flash_hal_check_status
                0x0000000040080a20        0x4 zephyr/libzephyr.a(spi_flash_hal_iram.c.obj)
                                          0x8 (size before relaxing)
 .literal.spi_flash_hal_resume
                0x0000000040080a24        0x0 zephyr/libzephyr.a(spi_flash_hal_iram.c.obj)
                                          0x4 (size before relaxing)
 .literal.spi_flash_hal_suspend
                0x0000000040080a24        0x0 zephyr/libzephyr.a(spi_flash_hal_iram.c.obj)
                                          0x4 (size before relaxing)
 .literal.spi_flash_encryption_hal_enable
                0x0000000040080a24        0x4 zephyr/libzephyr.a(spi_flash_encrypt_hal_iram.c.obj)
 .literal.spi_flash_encryption_hal_disable
                0x0000000040080a28        0x0 zephyr/libzephyr.a(spi_flash_encrypt_hal_iram.c.obj)
                                          0x4 (size before relaxing)
 .literal.spi_flash_encryption_hal_prepare
                0x0000000040080a28        0xc zephyr/libzephyr.a(spi_flash_encrypt_hal_iram.c.obj)
 .literal.spi_flash_encryption_hal_done
                0x0000000040080a34        0x4 zephyr/libzephyr.a(spi_flash_encrypt_hal_iram.c.obj)
 .literal.esp_log_write
                0x0000000040080a38        0x0 zephyr/libzephyr.a(log.c.obj)
                                          0x4 (size before relaxing)
 .literal.spi_flash_chip_gd_detect_size
                0x0000000040080a38        0x4 zephyr/libzephyr.a(spi_flash_chip_gd.c.obj)
                                          0x8 (size before relaxing)
 .literal.spi_flash_chip_gd_get_io_mode
                0x0000000040080a3c        0x0 zephyr/libzephyr.a(spi_flash_chip_gd.c.obj)
                                          0x4 (size before relaxing)
 .literal.spi_flash_chip_gd_set_io_mode
                0x0000000040080a3c       0x10 zephyr/libzephyr.a(spi_flash_chip_gd.c.obj)
                                         0x14 (size before relaxing)
 .literal.spi_flash_chip_generic_detect_size
                0x0000000040080a4c        0x0 zephyr/libzephyr.a(spi_flash_chip_generic.c.obj)
                                          0x8 (size before relaxing)
 .literal.spi_flash_chip_generic_reset
                0x0000000040080a4c        0x0 zephyr/libzephyr.a(spi_flash_chip_generic.c.obj)
                                          0x8 (size before relaxing)
 .literal.spi_flash_chip_generic_config_host_io_mode
                0x0000000040080a4c        0xc zephyr/libzephyr.a(spi_flash_chip_generic.c.obj)
                                         0x10 (size before relaxing)
 .literal.spi_flash_chip_generic_get_caps
                0x0000000040080a58        0x4 zephyr/libzephyr.a(spi_flash_chip_generic.c.obj)
                                          0x8 (size before relaxing)
 .literal.spi_flash_chip_generic_suspend_cmd_conf
                0x0000000040080a5c        0x4 zephyr/libzephyr.a(spi_flash_chip_generic.c.obj)
 .literal.spi_flash_chip_generic_read
                0x0000000040080a60        0x8 zephyr/libzephyr.a(spi_flash_chip_generic.c.obj)
                                         0x18 (size before relaxing)
 .literal.spi_flash_chip_generic_write
                0x0000000040080a68        0x0 zephyr/libzephyr.a(spi_flash_chip_generic.c.obj)
                                          0x8 (size before relaxing)
 .literal.spi_flash_chip_generic_get_write_protect
                0x0000000040080a68        0x0 zephyr/libzephyr.a(spi_flash_chip_generic.c.obj)
                                          0x4 (size before relaxing)
 .literal.spi_flash_chip_generic_yield
                0x0000000040080a68        0x0 zephyr/libzephyr.a(spi_flash_chip_generic.c.obj)
                                          0x4 (size before relaxing)
 .literal.spi_flash_chip_generic_read_unique_id
                0x0000000040080a68        0x8 zephyr/libzephyr.a(spi_flash_chip_generic.c.obj)
                                         0x1c (size before relaxing)
 .literal.spi_flash_chip_generic_write_encrypted
                0x0000000040080a70        0x4 zephyr/libzephyr.a(spi_flash_chip_generic.c.obj)
                                          0x8 (size before relaxing)
 .literal.spi_flash_common_read_qe_sr$constprop$0$isra$0
                0x0000000040080a74        0x0 zephyr/libzephyr.a(spi_flash_chip_generic.c.obj)
                                          0x4 (size before relaxing)
 .literal.spi_flash_common_read_status_16b_rdsr_rdsr2
                0x0000000040080a74        0x0 zephyr/libzephyr.a(spi_flash_chip_generic.c.obj)
                                          0x8 (size before relaxing)
 .literal.spi_flash_common_write_qe_sr$isra$0
                0x0000000040080a74        0x0 zephyr/libzephyr.a(spi_flash_chip_generic.c.obj)
                                          0x4 (size before relaxing)
 .literal.spi_flash_common_write_status_16b_wrsr
                0x0000000040080a74        0x0 zephyr/libzephyr.a(spi_flash_chip_generic.c.obj)
                                          0x4 (size before relaxing)
 .literal.spi_flash_common_read_status_8b_rdsr2
                0x0000000040080a74        0x0 zephyr/libzephyr.a(spi_flash_chip_generic.c.obj)
                                          0x4 (size before relaxing)
 .literal.spi_flash_chip_generic_get_io_mode
                0x0000000040080a74        0x0 zephyr/libzephyr.a(spi_flash_chip_generic.c.obj)
                                          0x4 (size before relaxing)
 .literal.spi_flash_common_read_status_8b_rdsr
                0x0000000040080a74        0x0 zephyr/libzephyr.a(spi_flash_chip_generic.c.obj)
                                          0x4 (size before relaxing)
 .literal.spi_flash_common_write_status_8b_wrsr
                0x0000000040080a74        0x0 zephyr/libzephyr.a(spi_flash_chip_generic.c.obj)
                                          0x4 (size before relaxing)
 .literal.spi_flash_common_write_status_8b_wrsr2
                0x0000000040080a74        0x0 zephyr/libzephyr.a(spi_flash_chip_generic.c.obj)
                                          0x4 (size before relaxing)
 .literal.spi_flash_chip_generic_set_io_mode
                0x0000000040080a74        0x0 zephyr/libzephyr.a(spi_flash_chip_generic.c.obj)
                                          0xc (size before relaxing)
 .literal.spi_flash_chip_issi_set_io_mode
                0x0000000040080a74        0x8 zephyr/libzephyr.a(spi_flash_chip_issi.c.obj)
                                          0xc (size before relaxing)
 .literal.spi_flash_chip_issi_get_io_mode
                0x0000000040080a7c        0x0 zephyr/libzephyr.a(spi_flash_chip_issi.c.obj)
                                          0x4 (size before relaxing)
 .literal.spi_flash_chip_mxic_detect_size
                0x0000000040080a7c        0x0 zephyr/libzephyr.a(spi_flash_chip_mxic.c.obj)
                                          0x8 (size before relaxing)
 .literal.spi_flash_chip_winbond_read
                0x0000000040080a7c        0x8 zephyr/libzephyr.a(spi_flash_chip_winbond.c.obj)
                                         0x18 (size before relaxing)
 .literal.spi_flash_chip_winbond_erase_block
                0x0000000040080a84        0x0 zephyr/libzephyr.a(spi_flash_chip_winbond.c.obj)
                                          0x8 (size before relaxing)
 .literal.spi_flash_chip_winbond_erase_sector
                0x0000000040080a84        0x0 zephyr/libzephyr.a(spi_flash_chip_winbond.c.obj)
                                          0x8 (size before relaxing)
 .literal.spi_flash_chip_winbond_page_program
                0x0000000040080a84        0x0 zephyr/libzephyr.a(spi_flash_chip_winbond.c.obj)
                                          0x8 (size before relaxing)
 .literal.memspi_host_read_status_hs
                0x0000000040080a84        0x0 zephyr/libzephyr.a(memspi_host_driver.c.obj)
                                          0x4 (size before relaxing)
 .literal.memspi_host_read_id_hs
                0x0000000040080a84        0xc zephyr/libzephyr.a(memspi_host_driver.c.obj)
                                         0x1c (size before relaxing)
 .literal.memspi_host_flush_cache
                0x0000000040080a90        0x0 zephyr/libzephyr.a(memspi_host_driver.c.obj)
                                          0x8 (size before relaxing)
 .literal.memspi_host_init_pointers
                0x0000000040080a90        0xc zephyr/libzephyr.a(memspi_host_driver.c.obj)
                                         0x14 (size before relaxing)
 .literal.esp_mspi_get_io
                0x0000000040080a9c        0x4 zephyr/libzephyr.a(flash_ops.c.obj)
                                         0x10 (size before relaxing)
 .literal.esp_gpio_reserve_pins
                0x0000000040080aa0        0x4 zephyr/libzephyr.a(esp_gpio_reserve.c.obj)
 .literal.periph_ll_get_rst_en_mask
                0x0000000040080aa4        0x4 zephyr/libzephyr.a(periph_ctrl.c.obj)
 .literal.periph_ll_get_rst_en_reg
                0x0000000040080aa8        0xc zephyr/libzephyr.a(periph_ctrl.c.obj)
 .literal.periph_module_enable
                0x0000000040080ab4       0x14 zephyr/libzephyr.a(periph_ctrl.c.obj)
                                         0x20 (size before relaxing)
 .literal.periph_module_disable
                0x0000000040080ac8        0x0 zephyr/libzephyr.a(periph_ctrl.c.obj)
                                         0x20 (size before relaxing)
 .literal.periph_module_reset
                0x0000000040080ac8        0x0 zephyr/libzephyr.a(periph_ctrl.c.obj)
                                          0xc (size before relaxing)
 .literal.esp_rom_spiflash_read_status
                0x0000000040080ac8        0xc zephyr/libzephyr.a(esp_rom_spiflash.c.obj)
                                         0x14 (size before relaxing)
 .literal.esp_rom_spiflash_wait_idle
                0x0000000040080ad4        0x8 zephyr/libzephyr.a(esp_rom_spiflash.c.obj)
                                          0xc (size before relaxing)
 .literal.esp_rom_spiflash_read
                0x0000000040080adc       0x3c zephyr/libzephyr.a(esp_rom_spiflash.c.obj)
                                         0x58 (size before relaxing)
 .iram1.0       0x0000000040080b18        0xf zephyr/libzephyr.a(soc.c.obj)
                                         0x1b (size before relaxing)
                0x0000000040080b18                __esp_platform_app_start
 *fill*         0x0000000040080b27        0x1 
 .iram1.2       0x0000000040080b28       0x1b zephyr/libzephyr.a(soc.c.obj)
                0x0000000040080b28                arch_printk_char_out
 *fill*         0x0000000040080b43        0x1 
 .iram1.3       0x0000000040080b44        0xe zephyr/libzephyr.a(cache_esp32.c.obj)
 *fill*         0x0000000040080b52        0x2 
 .iram1.5       0x0000000040080b54       0x1e zephyr/libzephyr.a(esp_flash_api.c.obj)
 *fill*         0x0000000040080b72        0x2 
 .iram1.6       0x0000000040080b74       0x44 zephyr/libzephyr.a(esp_flash_api.c.obj)
 .iram1.10      0x0000000040080bb8       0x54 zephyr/libzephyr.a(esp_flash_api.c.obj)
 .iram1.12      0x0000000040080c0c       0x80 zephyr/libzephyr.a(esp_flash_api.c.obj)
 .iram1.13      0x0000000040080c8c       0x58 zephyr/libzephyr.a(esp_flash_api.c.obj)
                0x0000000040080c8c                esp_flash_get_physical_size
 .iram1.9       0x0000000040080ce4      0x150 zephyr/libzephyr.a(esp_flash_api.c.obj)
                                        0x15c (size before relaxing)
                0x0000000040080ce4                esp_flash_init_main
 .iram1.1       0x0000000040080e34       0x56 zephyr/libzephyr.a(flash_mmap.c.obj)
                0x0000000040080e34                spi_flash_check_and_flush_cache
 *fill*         0x0000000040080e8a        0x2 
 .iram1.8       0x0000000040080e8c        0xa zephyr/libzephyr.a(flash_ops.c.obj)
                0x0000000040080e8c                spi_flash_guard_set
 *fill*         0x0000000040080e96        0x2 
 .iram1.10      0x0000000040080e98       0x3b zephyr/libzephyr.a(flash_ops.c.obj)
                0x0000000040080e98                esp_mspi_pin_init
 *fill*         0x0000000040080ed3        0x1 
 .iram1.8       0x0000000040080ed4       0x10 zephyr/libzephyr.a(spi_flash_os_func_noos.c.obj)
 .iram1.7       0x0000000040080ee4       0x10 zephyr/libzephyr.a(spi_flash_os_func_noos.c.obj)
 .iram1.6       0x0000000040080ef4       0x10 zephyr/libzephyr.a(spi_flash_os_func_noos.c.obj)
 .iram1.7       0x0000000040080f04       0x34 zephyr/libzephyr.a(spi_flash_os_func_app.c.obj)
                                         0x38 (size before relaxing)
 .iram1.4       0x0000000040080f38       0x12 zephyr/libzephyr.a(spi_flash_os_func_app.c.obj)
                                         0x15 (size before relaxing)
 *fill*         0x0000000040080f4a        0x2 
 .iram1.8       0x0000000040080f4c        0xa zephyr/libzephyr.a(spi_flash_os_func_app.c.obj)
                                          0xe (size before relaxing)
 *fill*         0x0000000040080f56        0x2 
 .iram1.6       0x0000000040080f58       0x10 zephyr/libzephyr.a(spi_flash_os_func_app.c.obj)
 .iram1.3       0x0000000040080f68        0xa zephyr/libzephyr.a(spi_flash_os_func_app.c.obj)
                                          0xd (size before relaxing)
 *fill*         0x0000000040080f72        0x2 
 .iram1.2       0x0000000040080f74        0xa zephyr/libzephyr.a(spi_flash_os_func_app.c.obj)
                                          0xd (size before relaxing)
 *fill*         0x0000000040080f7e        0x2 
 .iram1.5       0x0000000040080f80       0x27 zephyr/libzephyr.a(spi_flash_os_func_app.c.obj)
                                         0x2b (size before relaxing)
 *fill*         0x0000000040080fa7        0x1 
 .iram1.2       0x0000000040080fa8       0x16 zephyr/libzephyr.a(esp_clk.c.obj)
                0x0000000040080fa8                esp_clk_apb_freq
 *fill*         0x0000000040080fbe        0x2 
 .iram1.2       0x0000000040080fc0       0x25 zephyr/libzephyr.a(regi2c_ctrl.c.obj)
                0x0000000040080fc0                regi2c_ctrl_read_reg_mask
 *fill*         0x0000000040080fe5        0x3 
 .iram1.3       0x0000000040080fe8       0x20 zephyr/libzephyr.a(regi2c_ctrl.c.obj)
                0x0000000040080fe8                regi2c_ctrl_write_reg
 .iram1.6       0x0000000040081008       0x32 zephyr/libzephyr.a(rtc_module.c.obj)
                0x0000000040081008                rtc_isr_noniram_disable
 *fill*         0x000000004008103a        0x2 
 .iram1.7       0x000000004008103c       0x1e zephyr/libzephyr.a(rtc_module.c.obj)
                0x000000004008103c                rtc_isr_noniram_enable
 *fill*         0x000000004008105a        0x2 
 .iram1.1       0x000000004008105c       0x38 zephyr/libzephyr.a(rtc_clk.c.obj)
                0x000000004008105c                rtc_clk_get_lact_compensation_delay
 .iram1.1       0x0000000040081094       0x58 zephyr/libzephyr.a(esp_mmu_map.c.obj)
                0x0000000040081094                esp_mmu_paddr_find_caps
 .iram1.1       0x00000000400810ec        0xa zephyr/libzephyr.a(esp_rom_sys.c.obj)
                0x00000000400810ec                esp_rom_set_cpu_ticks_per_us
 *fill*         0x00000000400810f6        0x2 
 .iram1.2       0x00000000400810f8       0x52 zephyr/libzephyr.a(esp_rom_uart.c.obj)
                0x00000000400810f8                esp_rom_uart_tx_wait_idle
 *fill*         0x000000004008114a        0x2 
 .iram1.3       0x000000004008114c       0x58 zephyr/libzephyr.a(esp_rom_uart.c.obj)
                0x000000004008114c                esp_rom_uart_set_clock_baudrate
 .iram1.0       0x00000000400811a4       0x46 zephyr/libzephyr.a(esp_rom_gpio.c.obj)
                0x00000000400811a4                esp_rom_gpio_connect_out_signal
 *fill*         0x00000000400811ea        0x2 
 .iram1.0       0x00000000400811ec       0x18 zephyr/libzephyr.a(efuse_hal.c.obj)
                                         0x1c (size before relaxing)
                0x00000000400811ec                efuse_hal_chip_revision
 .iram1.0       0x0000000040081204       0x3e zephyr/libzephyr.a(efuse_hal.c.obj)
                0x0000000040081204                efuse_hal_get_major_chip_version
 *fill*         0x0000000040081242        0x2 
 .iram1.1       0x0000000040081244       0x10 zephyr/libzephyr.a(efuse_hal.c.obj)
                0x0000000040081244                efuse_hal_get_minor_chip_version
 .iram1.0       0x0000000040081254       0x1e zephyr/libzephyr.a(cache_utils.c.obj)
                                         0x22 (size before relaxing)
                0x0000000040081254                spi_flash_disable_interrupts_caches_and_other_cpu
 *fill*         0x0000000040081272        0x2 
 .iram1.1       0x0000000040081274       0x20 zephyr/libzephyr.a(cache_utils.c.obj)
                                         0x24 (size before relaxing)
                0x0000000040081274                spi_flash_enable_interrupts_caches_and_other_cpu
 .iram1.7       0x0000000040081294      0x1c2 zephyr/libzephyr.a(bootloader_flash.c.obj)
                                        0x1c6 (size before relaxing)
                0x0000000040081294                bootloader_flash_execute_command_common
 *fill*         0x0000000040081456        0x2 
 .iram1.8       0x0000000040081458       0x20 zephyr/libzephyr.a(bootloader_flash.c.obj)
                0x0000000040081458                bootloader_execute_flash_command
 .iram1.6       0x0000000040081478      0x122 zephyr/libzephyr.a(bootloader_flash.c.obj)
                                        0x146 (size before relaxing)
                0x0000000040081478                bootloader_flash_unlock
 *fill*         0x000000004008159a        0x2 
 .iram1.9       0x000000004008159c       0x26 zephyr/libzephyr.a(bootloader_flash.c.obj)
                                         0x2a (size before relaxing)
                0x000000004008159c                bootloader_flash_read_sfdp
 *fill*         0x00000000400815c2        0x2 
 .iram1.10      0x00000000400815c4       0x30 zephyr/libzephyr.a(bootloader_flash.c.obj)
                                         0x34 (size before relaxing)
                0x00000000400815c4                bootloader_read_flash_id
 .iram1.13      0x00000000400815f4       0x99 zephyr/libzephyr.a(bootloader_flash.c.obj)
                                         0xad (size before relaxing)
                0x00000000400815f4                bootloader_flash_xmc_startup
 *fill*         0x000000004008168d        0x3 
 .iram1         0x0000000040081690       0x1a zephyr/arch/arch/xtensa/core/libarch__xtensa__core.a(debug_helpers_asm.S.obj)
                0x0000000040081690                xtensa_backtrace_get_start
 *fill*         0x00000000400816aa        0x2 
 .iram1.3       0x00000000400816ac       0xae zephyr/drivers/interrupt_controller/libdrivers__interrupt_controller.a(intc_esp32.c.obj)
                0x00000000400816ac                esp_intr_disable
 *fill*         0x000000004008175a        0x2 
 .iram1.4       0x000000004008175c       0x4a zephyr/drivers/interrupt_controller/libdrivers__interrupt_controller.a(intc_esp32.c.obj)
                                         0x52 (size before relaxing)
                0x000000004008175c                esp_intr_noniram_disable
 *fill*         0x00000000400817a6        0x2 
 .iram1.5       0x00000000400817a8       0x3e zephyr/drivers/interrupt_controller/libdrivers__interrupt_controller.a(intc_esp32.c.obj)
                                         0x44 (size before relaxing)
                0x00000000400817a8                esp_intr_noniram_enable
 *fill*         0x00000000400817e6        0x2 
 .iram1.2       0x00000000400817e8       0x11 zephyr/drivers/gpio/libdrivers__gpio.a(gpio_esp32.c.obj)
                                         0x17 (size before relaxing)
 *fill*         0x00000000400817f9        0x3 
 .iram1.0       0x00000000400817fc      0x39f zephyr/drivers/gpio/libdrivers__gpio.a(gpio_esp32.c.obj)
 *fill*         0x0000000040081b9b        0x0 
 *fill*         0x0000000040081b9b        0x0 
 *fill*         0x0000000040081b9b        0x1 
 .iram1.3       0x0000000040081b9c       0x27 zephyr/libzephyr.a(esp_flash_api.c.obj)
 *fill*         0x0000000040081bc3        0x1 
 .iram1.4       0x0000000040081bc4       0x1f zephyr/libzephyr.a(esp_flash_api.c.obj)
 *fill*         0x0000000040081be3        0x0 
 *fill*         0x0000000040081be3        0x0 
 *fill*         0x0000000040081be3        0x0 
 *fill*         0x0000000040081be3        0x0 
 *fill*         0x0000000040081be3        0x1 
 .iram1.9       0x0000000040081be4        0x7 zephyr/libzephyr.a(spi_flash_os_func_app.c.obj)
 *fill*         0x0000000040081beb        0x0 
 *fill*         0x0000000040081beb        0x0 
 *fill*         0x0000000040081beb        0x0 
 *fill*         0x0000000040081beb        0x0 
 *fill*         0x0000000040081beb        0x0 
 *fill*         0x0000000040081beb        0x0 
 *fill*         0x0000000040081beb        0x0 
 *fill*         0x0000000040081beb        0x0 
 *fill*         0x0000000040081beb        0x0 
 *fill*         0x0000000040081beb        0x0 
 *fill*         0x0000000040081beb        0x0 
 *fill*         0x0000000040081beb        0x0 
 *fill*         0x0000000040081beb        0x0 
 *fill*         0x0000000040081beb        0x0 
 *fill*         0x0000000040081beb        0x1 
 .iram1.12      0x0000000040081bec       0x46 zephyr/libzephyr.a(bootloader_flash.c.obj)
 *fill*         0x0000000040081c32        0x0 
 *fill*         0x0000000040081c32        0x0 
 *fill*         0x0000000040081c32        0x0 
 *fill*         0x0000000040081c32        0x0 
 *fill*         0x0000000040081c32        0x0 
 *fill*         0x0000000040081c32        0x2 
 .iram1.0       0x0000000040081c34       0x35 zephyr/drivers/interrupt_controller/libdrivers__interrupt_controller.a(intc_esp32.c.obj)
 *fill*         0x0000000040081c69        0x0 
 *fill*         0x0000000040081c69        0x0 
 *fill*         0x0000000040081c69        0x3 
 .iram1.1       0x0000000040081c6c       0xae zephyr/drivers/gpio/libdrivers__gpio.a(gpio_esp32.c.obj)
 *fill*         0x0000000040081d1a        0x0 
 *fill*         0x0000000040081d1a        0x0 
 *(SORT_BY_ALIGNMENT(.iram0.literal) SORT_BY_ALIGNMENT(.iram.literal) SORT_BY_ALIGNMENT(.iram.text.literal) SORT_BY_ALIGNMENT(.iram0.text) SORT_BY_ALIGNMENT(.iram.text))
 *fill*         0x0000000040081d1a        0x2 
 .iram0.text    0x0000000040081d1c       0x2d zephyr/arch/arch/xtensa/core/libarch__xtensa__core.a(xtensa_asm2_util.S.obj)
                0x0000000040081d1c                _Level1Vector
 *fill*         0x0000000040081d49        0x0 
 *libarch__xtensa__core.a:(SORT_BY_ALIGNMENT(.literal) SORT_BY_ALIGNMENT(.text) SORT_BY_ALIGNMENT(.literal.*) SORT_BY_ALIGNMENT(.text.*))
 *fill*         0x0000000040081d49        0x3 
 .text.arch_cpu_idle
                0x0000000040081d4c        0xb zephyr/arch/arch/xtensa/core/libarch__xtensa__core.a(cpu_idle.c.obj)
                                          0xe (size before relaxing)
                0x0000000040081d4c                arch_cpu_idle
 *fill*         0x0000000040081d57        0x1 
 .text.xtensa_exccause
                0x0000000040081d58       0x17 zephyr/arch/arch/xtensa/core/libarch__xtensa__core.a(fatal.c.obj)
                0x0000000040081d58                xtensa_exccause
 *fill*         0x0000000040081d6f        0x1 
 .text.xtensa_fatal_error
                0x0000000040081d70       0x26 zephyr/arch/arch/xtensa/core/libarch__xtensa__core.a(fatal.c.obj)
                                         0x2e (size before relaxing)
                0x0000000040081d70                xtensa_fatal_error
 *fill*         0x0000000040081d96        0x2 
 .text          0x0000000040081d98      0x21f zephyr/arch/arch/xtensa/core/libarch__xtensa__core.a(xtensa_asm2_util.S.obj)
                0x0000000040081d98                xtensa_spill_reg_windows
                0x0000000040081db8                xtensa_save_high_regs
                0x0000000040081e00                xtensa_restore_high_regs
                0x0000000040081e35                _restore_context
                0x0000000040081e70                xtensa_arch_except
                0x0000000040081e73                xtensa_arch_except_epc
                0x0000000040081e78                xtensa_arch_kernel_oops
                0x0000000040081e7b                xtensa_arch_kernel_oops_epc
                0x0000000040081e80                xtensa_switch
 *fill*         0x0000000040081fb7        0x1 
 .text.z_irq_spurious
                0x0000000040081fb8       0x12 zephyr/arch/arch/xtensa/core/libarch__xtensa__core.a(irq_manage.c.obj)
                                         0x16 (size before relaxing)
                0x0000000040081fb8                z_irq_spurious
 *fill*         0x0000000040081fca        0x2 
 .text.arch_new_thread
                0x0000000040081fcc       0x38 zephyr/arch/arch/xtensa/core/libarch__xtensa__core.a(thread.c.obj)
                0x0000000040081fcc                arch_new_thread
 .text.return_to
                0x0000000040082004       0x14 zephyr/arch/arch/xtensa/core/libarch__xtensa__core.a(vector_handlers.c.obj)
                                         0x18 (size before relaxing)
 .text.xtensa_is_outside_stack_bounds
                0x0000000040082018       0x3d zephyr/arch/arch/xtensa/core/libarch__xtensa__core.a(vector_handlers.c.obj)
                0x0000000040082018                xtensa_is_outside_stack_bounds
 *fill*         0x0000000040082055        0x3 
 .text.xtensa_is_frame_pointer_valid
                0x0000000040082058       0x28 zephyr/arch/arch/xtensa/core/libarch__xtensa__core.a(vector_handlers.c.obj)
                                         0x2c (size before relaxing)
                0x0000000040082058                xtensa_is_frame_pointer_valid
 .text.xtensa_dump_stack
                0x0000000040082080       0xaa zephyr/arch/arch/xtensa/core/libarch__xtensa__core.a(vector_handlers.c.obj)
                                         0xc6 (size before relaxing)
                0x0000000040082080                xtensa_dump_stack
 *fill*         0x000000004008212a        0x2 
 .text.xtensa_int2_c
                0x000000004008212c       0x5a zephyr/arch/arch/xtensa/core/libarch__xtensa__core.a(vector_handlers.c.obj)
                0x000000004008212c                xtensa_int2_c
 *fill*         0x0000000040082186        0x2 
 .text.xtensa_int3_c
                0x0000000040082188       0x82 zephyr/arch/arch/xtensa/core/libarch__xtensa__core.a(vector_handlers.c.obj)
                0x0000000040082188                xtensa_int3_c
 *fill*         0x000000004008220a        0x2 
 .text.xtensa_int4_c
                0x000000004008220c       0x6a zephyr/arch/arch/xtensa/core/libarch__xtensa__core.a(vector_handlers.c.obj)
                0x000000004008220c                xtensa_int4_c
 *fill*         0x0000000040082276        0x2 
 .text.xtensa_int5_c
                0x0000000040082278       0x5e zephyr/arch/arch/xtensa/core/libarch__xtensa__core.a(vector_handlers.c.obj)
                0x0000000040082278                xtensa_int5_c
 *fill*         0x00000000400822d6        0x2 
 .text.xtensa_int6_c
                0x00000000400822d8       0x15 zephyr/arch/arch/xtensa/core/libarch__xtensa__core.a(vector_handlers.c.obj)
                0x00000000400822d8                xtensa_int6_c
 *fill*         0x00000000400822ed        0x3 
 .text.xtensa_int7_c
                0x00000000400822f0       0x36 zephyr/arch/arch/xtensa/core/libarch__xtensa__core.a(vector_handlers.c.obj)
                0x00000000400822f0                xtensa_int7_c
 *fill*         0x0000000040082326        0x2 
 .text.xtensa_excint1_c
                0x0000000040082328      0x22e zephyr/arch/arch/xtensa/core/libarch__xtensa__core.a(vector_handlers.c.obj)
                                        0x252 (size before relaxing)
                0x0000000040082328                xtensa_excint1_c
 *fill*         0x0000000040082556        0x2 
 .text.z_prep_c
                0x0000000040082558       0x10 zephyr/arch/arch/xtensa/core/libarch__xtensa__core.a(prep_c.c.obj)
                                         0x14 (size before relaxing)
                0x0000000040082558                z_prep_c
 .text.xtensa_cpu_process_stack_pc
                0x0000000040082568       0x2b zephyr/arch/arch/xtensa/core/libarch__xtensa__core.a(xtensa_backtrace.c.obj)
 *fill*         0x0000000040082593        0x1 
 .text.xtensa_ptr_executable
                0x0000000040082594       0x41 zephyr/arch/arch/xtensa/core/libarch__xtensa__core.a(xtensa_backtrace.c.obj)
 *fill*         0x00000000400825d5        0x3 
 .text.xtensa_stack_ptr_is_sane
                0x00000000400825d8       0x2c zephyr/arch/arch/xtensa/core/libarch__xtensa__core.a(xtensa_backtrace.c.obj)
 .text.xtensa_backtrace_get_next_frame
                0x0000000040082604       0x3e zephyr/arch/arch/xtensa/core/libarch__xtensa__core.a(xtensa_backtrace.c.obj)
                                         0x4a (size before relaxing)
                0x0000000040082604                xtensa_backtrace_get_next_frame
 *fill*         0x0000000040082642        0x2 
 .text.xtensa_backtrace_print
                0x0000000040082644       0xdf zephyr/arch/arch/xtensa/core/libarch__xtensa__core.a(xtensa_backtrace.c.obj)
                                        0x103 (size before relaxing)
                0x0000000040082644                xtensa_backtrace_print
 *fill*         0x0000000040082723        0x0 
 *fill*         0x0000000040082723        0x0 
 *fill*         0x0000000040082723        0x0 
 *fill*         0x0000000040082723        0x0 
 *fill*         0x0000000040082723        0x0 
 *fill*         0x0000000040082723        0x1 
 .text.arch_coprocessors_disable
                0x0000000040082724        0x8 zephyr/arch/arch/xtensa/core/libarch__xtensa__core.a(thread.c.obj)
                0x0000000040082724                arch_coprocessors_disable
 *fill*         0x000000004008272c        0x0 
 *fill*         0x000000004008272c        0x0 
 *fill*         0x000000004008272c        0x0 
 *fill*         0x000000004008272c        0x0 
 *fill*         0x000000004008272c        0x0 
 *fill*         0x000000004008272c        0x0 
 *fill*         0x000000004008272c        0x0 
 *fill*         0x000000004008272c        0x0 
 *fill*         0x000000004008272c        0x0 
 *fill*         0x000000004008272c        0x0 
 *fill*         0x000000004008272c        0x0 
 *fill*         0x000000004008272c        0x0 
 *libkernel.a:(SORT_BY_ALIGNMENT(.literal) SORT_BY_ALIGNMENT(.text) SORT_BY_ALIGNMENT(.literal.*) SORT_BY_ALIGNMENT(.text.*))
 .text.k_sys_fatal_error_handler
                0x000000004008272c        0x8 zephyr/kernel/libkernel.a(fatal.c.obj)
                                          0xc (size before relaxing)
                0x000000004008272c                k_sys_fatal_error_handler
 .text.z_fatal_error
                0x0000000040082734       0x22 zephyr/kernel/libkernel.a(fatal.c.obj)
                                         0x26 (size before relaxing)
                0x0000000040082734                z_fatal_error
 *fill*         0x0000000040082756        0x2 
 .text.z_sys_init_run_level
                0x0000000040082758       0x30 zephyr/kernel/libkernel.a(init.c.obj)
                                         0x34 (size before relaxing)
 .text.bg_thread_main
                0x0000000040082788       0x9a zephyr/kernel/libkernel.a(init.c.obj)
                                         0xae (size before relaxing)
 *fill*         0x0000000040082822        0x2 
 .text.z_early_memset
                0x0000000040082824       0x12 zephyr/kernel/libkernel.a(init.c.obj)
                0x0000000040082824                z_early_memset
 *fill*         0x0000000040082836        0x2 
 .text.z_bss_zero
                0x0000000040082838       0x13 zephyr/kernel/libkernel.a(init.c.obj)
                                         0x16 (size before relaxing)
                0x0000000040082838                z_bss_zero
 *fill*         0x000000004008284b        0x1 
 .text.z_init_cpu
                0x000000004008284c       0x5b zephyr/kernel/libkernel.a(init.c.obj)
                0x000000004008284c                z_init_cpu
 *fill*         0x00000000400828a7        0x1 
 .text.z_cstart
                0x00000000400828a8       0x87 zephyr/kernel/libkernel.a(init.c.obj)
                                         0xaf (size before relaxing)
                0x00000000400828a8                z_cstart
 *fill*         0x000000004008292f        0x1 
 .text.idle     0x0000000040082930        0xc zephyr/kernel/libkernel.a(idle.c.obj)
                                          0xf (size before relaxing)
                0x0000000040082930                idle
 *fill*         0x000000004008293c        0x0 
 .text.z_setup_new_thread
                0x000000004008293c       0x5d zephyr/kernel/libkernel.a(thread.c.obj)
                0x000000004008293c                z_setup_new_thread
 *fill*         0x0000000040082999        0x3 
 .text.z_dummy_thread_init
                0x000000004008299c       0x20 zephyr/kernel/libkernel.a(thread.c.obj)
                0x000000004008299c                z_dummy_thread_init
 .text.unpend_thread_no_timeout
                0x00000000400829bc       0x19 zephyr/kernel/libkernel.a(sched.c.obj)
                                         0x1d (size before relaxing)
 *fill*         0x00000000400829d5        0x3 
 .text.ready_thread
                0x00000000400829d8       0x9c zephyr/kernel/libkernel.a(sched.c.obj)
 .text.unready_thread
                0x0000000040082a74       0x5e zephyr/kernel/libkernel.a(sched.c.obj)
                                         0x62 (size before relaxing)
 *fill*         0x0000000040082ad2        0x2 
 .text.z_swap   0x0000000040082ad4       0x3a zephyr/kernel/libkernel.a(sched.c.obj)
                                         0x3e (size before relaxing)
 *fill*         0x0000000040082b0e        0x2 
 .text.move_thread_to_end_of_prio_q
                0x0000000040082b10       0xa6 zephyr/kernel/libkernel.a(sched.c.obj)
                                         0xaa (size before relaxing)
                0x0000000040082b10                move_thread_to_end_of_prio_q
 *fill*         0x0000000040082bb6        0x2 
 .text.z_ready_thread
                0x0000000040082bb8       0x13 zephyr/kernel/libkernel.a(sched.c.obj)
                                         0x16 (size before relaxing)
                0x0000000040082bb8                z_ready_thread
 *fill*         0x0000000040082bcb        0x1 
 .text.z_unpend_thread_no_timeout
                0x0000000040082bcc       0x18 zephyr/kernel/libkernel.a(sched.c.obj)
                                         0x1c (size before relaxing)
                0x0000000040082bcc                z_unpend_thread_no_timeout
 .text.z_sched_wake_thread
                0x0000000040082be4       0x30 zephyr/kernel/libkernel.a(sched.c.obj)
                                         0x38 (size before relaxing)
                0x0000000040082be4                z_sched_wake_thread
 .text.z_thread_timeout
                0x0000000040082c14        0xd zephyr/kernel/libkernel.a(sched.c.obj)
                                         0x10 (size before relaxing)
                0x0000000040082c14                z_thread_timeout
 *fill*         0x0000000040082c21        0x3 
 .text.z_unpend_thread
                0x0000000040082c24       0x10 zephyr/kernel/libkernel.a(sched.c.obj)
                                         0x17 (size before relaxing)
                0x0000000040082c24                z_unpend_thread
 *fill*         0x0000000040082c34        0x0 
 .text.z_reschedule
                0x0000000040082c34       0x2c zephyr/kernel/libkernel.a(sched.c.obj)
                                         0x30 (size before relaxing)
                0x0000000040082c34                z_reschedule
 .text.z_reschedule_irqlock
                0x0000000040082c60       0x40 zephyr/kernel/libkernel.a(sched.c.obj)
                                         0x44 (size before relaxing)
                0x0000000040082c60                z_reschedule_irqlock
 .text.k_sched_lock
                0x0000000040082ca0       0x1b zephyr/kernel/libkernel.a(sched.c.obj)
                0x0000000040082ca0                k_sched_lock
 *fill*         0x0000000040082cbb        0x1 
 .text.k_sched_unlock
                0x0000000040082cbc       0x5e zephyr/kernel/libkernel.a(sched.c.obj)
                                         0x61 (size before relaxing)
                0x0000000040082cbc                k_sched_unlock
 *fill*         0x0000000040082d1a        0x2 
 .text.z_swap_next_thread
                0x0000000040082d1c        0xa zephyr/kernel/libkernel.a(sched.c.obj)
                0x0000000040082d1c                z_swap_next_thread
 *fill*         0x0000000040082d26        0x2 
 .text.z_get_next_switch_handle
                0x0000000040082d28       0x14 zephyr/kernel/libkernel.a(sched.c.obj)
                0x0000000040082d28                z_get_next_switch_handle
 .text.z_unpend_all
                0x0000000040082d3c       0x26 zephyr/kernel/libkernel.a(sched.c.obj)
                                         0x2a (size before relaxing)
                0x0000000040082d3c                z_unpend_all
 *fill*         0x0000000040082d62        0x2 
 .text.z_sched_init
                0x0000000040082d64        0xf zephyr/kernel/libkernel.a(sched.c.obj)
                0x0000000040082d64                z_sched_init
 *fill*         0x0000000040082d73        0x1 
 .text.z_impl_k_yield
                0x0000000040082d74       0x8b zephyr/kernel/libkernel.a(sched.c.obj)
                                         0x8f (size before relaxing)
                0x0000000040082d74                z_impl_k_yield
 *fill*         0x0000000040082dff        0x1 
 .text.z_tick_sleep
                0x0000000040082e00       0x64 zephyr/kernel/libkernel.a(sched.c.obj)
                                         0x6f (size before relaxing)
 *fill*         0x0000000040082e64        0x0 
 .text.z_impl_k_sleep
                0x0000000040082e64       0x52 zephyr/kernel/libkernel.a(sched.c.obj)
                                         0x56 (size before relaxing)
                0x0000000040082e64                z_impl_k_sleep
 *fill*         0x0000000040082eb6        0x2 
 .text.z_impl_k_wakeup
                0x0000000040082eb8       0x38 zephyr/kernel/libkernel.a(sched.c.obj)
                                         0x40 (size before relaxing)
                0x0000000040082eb8                z_impl_k_wakeup
 .text.z_impl_k_sched_current_thread_query
                0x0000000040082ef0        0xa zephyr/kernel/libkernel.a(sched.c.obj)
                0x0000000040082ef0                z_impl_k_sched_current_thread_query
 *fill*         0x0000000040082efa        0x2 
 .text.z_thread_abort
                0x0000000040082efc       0xfc zephyr/kernel/libkernel.a(sched.c.obj)
                                        0x118 (size before relaxing)
                0x0000000040082efc                z_thread_abort
 .text.z_impl_k_thread_abort
                0x0000000040082ff8        0xa zephyr/kernel/libkernel.a(sched.c.obj)
                                          0xe (size before relaxing)
                0x0000000040082ff8                z_impl_k_thread_abort
 *fill*         0x0000000040083002        0x2 
 .text.slice_timeout
                0x0000000040083004       0x1e zephyr/kernel/libkernel.a(timeslicing.c.obj)
 *fill*         0x0000000040083022        0x2 
 .text.thread_is_sliceable
                0x0000000040083024       0x45 zephyr/kernel/libkernel.a(timeslicing.c.obj)
                0x0000000040083024                thread_is_sliceable
 *fill*         0x0000000040083069        0x3 
 .text.z_reset_time_slice
                0x000000004008306c       0x3f zephyr/kernel/libkernel.a(timeslicing.c.obj)
                                         0x47 (size before relaxing)
                0x000000004008306c                z_reset_time_slice
 *fill*         0x00000000400830ab        0x1 
 .text.z_time_slice
                0x00000000400830ac       0x3b zephyr/kernel/libkernel.a(timeslicing.c.obj)
                                         0x42 (size before relaxing)
                0x00000000400830ac                z_time_slice
 *fill*         0x00000000400830e7        0x1 
 .text.first    0x00000000400830e8        0xf zephyr/kernel/libkernel.a(timeout.c.obj)
 *fill*         0x00000000400830f7        0x1 
 .text.next_timeout
                0x00000000400830f8       0x42 zephyr/kernel/libkernel.a(timeout.c.obj)
 *fill*         0x000000004008313a        0x2 
 .text.elapsed  0x000000004008313c       0x14 zephyr/kernel/libkernel.a(timeout.c.obj)
                                         0x18 (size before relaxing)
 .text.remove_timeout
                0x0000000040083150       0x3a zephyr/kernel/libkernel.a(timeout.c.obj)
 *fill*         0x000000004008318a        0x2 
 .text.z_add_timeout
                0x000000004008318c      0x13f zephyr/kernel/libkernel.a(timeout.c.obj)
                                        0x14b (size before relaxing)
                0x000000004008318c                z_add_timeout
 *fill*         0x00000000400832cb        0x1 
 .text.z_abort_timeout
                0x00000000400832cc       0x3a zephyr/kernel/libkernel.a(timeout.c.obj)
                                         0x4a (size before relaxing)
                0x00000000400832cc                z_abort_timeout
 *fill*         0x0000000040083306        0x2 
 .text.sys_clock_announce
                0x0000000040083308       0xbd zephyr/kernel/libkernel.a(timeout.c.obj)
                                         0xcd (size before relaxing)
                0x0000000040083308                sys_clock_announce
 *fill*         0x00000000400833c5        0x3 
 .text.sys_clock_tick_get
                0x00000000400833c8       0x28 zephyr/kernel/libkernel.a(timeout.c.obj)
                                         0x2c (size before relaxing)
                0x00000000400833c8                sys_clock_tick_get
 .text.sys_clock_tick_get_32
                0x00000000400833f0        0xa zephyr/kernel/libkernel.a(timeout.c.obj)
                                          0xd (size before relaxing)
                0x00000000400833f0                sys_clock_tick_get_32
 *fill*         0x00000000400833fa        0x2 
 .text.z_impl_k_uptime_ticks
                0x00000000400833fc        0xf zephyr/kernel/libkernel.a(timeout.c.obj)
                0x00000000400833fc                z_impl_k_uptime_ticks
 *fill*         0x000000004008340b        0x1 
 .text.k_free   0x000000004008340c       0x14 zephyr/kernel/libkernel.a(mempool.c.obj)
                0x000000004008340c                k_free
 .text.k_malloc
                0x0000000040083420       0x14 zephyr/kernel/libkernel.a(mempool.c.obj)
                                         0x18 (size before relaxing)
                0x0000000040083420                k_malloc
 .text.k_thread_system_pool_assign
                0x0000000040083434        0xb zephyr/kernel/libkernel.a(mempool.c.obj)
                0x0000000040083434                k_thread_system_pool_assign
 *fill*         0x000000004008343f        0x1 
 .text.boot_banner
                0x0000000040083440        0xb zephyr/kernel/libkernel.a(banner.c.obj)
                                          0xe (size before relaxing)
                0x0000000040083440                boot_banner
 *fill*         0x000000004008344b        0x1 
 .text.k_heap_init
                0x000000004008344c       0x17 zephyr/kernel/libkernel.a(kheap.c.obj)
                0x000000004008344c                k_heap_init
 *fill*         0x0000000040083463        0x1 
 .text.statics_init
                0x0000000040083464       0x22 zephyr/kernel/libkernel.a(kheap.c.obj)
 *fill*         0x0000000040083486        0x2 
 .text.k_heap_free
                0x0000000040083488       0x28 zephyr/kernel/libkernel.a(kheap.c.obj)
                                         0x30 (size before relaxing)
                0x0000000040083488                k_heap_free
 *fill*         0x00000000400834b0        0x0 
 .text.z_device_state_init
                0x00000000400834b0        0x5 zephyr/kernel/libkernel.a(device.c.obj)
                0x00000000400834b0                z_device_state_init
 *fill*         0x00000000400834b5        0x3 
 .text.z_impl_device_is_ready
                0x00000000400834b8       0x1a zephyr/kernel/libkernel.a(device.c.obj)
                0x00000000400834b8                z_impl_device_is_ready
 *fill*         0x00000000400834d2        0x2 
 .text.arch_system_halt
                0x00000000400834d4        0x9 zephyr/kernel/libkernel.a(fatal.c.obj)
                0x00000000400834d4                arch_system_halt
 *fill*         0x00000000400834dd        0x0 
 *fill*         0x00000000400834dd        0x3 
 .text.do_device_init
                0x00000000400834e0       0x34 zephyr/kernel/libkernel.a(init.c.obj)
 *fill*         0x0000000040083514        0x0 
 *fill*         0x0000000040083514        0x0 
 *fill*         0x0000000040083514        0x0 
 *fill*         0x0000000040083514        0x0 
 *fill*         0x0000000040083514        0x0 
 *fill*         0x0000000040083514        0x0 
 *fill*         0x0000000040083514        0x0 
 .text.sys_dlist_remove
                0x0000000040083514       0x13 zephyr/kernel/libkernel.a(sched.c.obj)
 *fill*         0x0000000040083527        0x0 
 *fill*         0x0000000040083527        0x0 
 *fill*         0x0000000040083527        0x0 
 *fill*         0x0000000040083527        0x0 
 *fill*         0x0000000040083527        0x0 
 *fill*         0x0000000040083527        0x0 
 *fill*         0x0000000040083527        0x0 
 *fill*         0x0000000040083527        0x0 
 *fill*         0x0000000040083527        0x0 
 *fill*         0x0000000040083527        0x0 
 *fill*         0x0000000040083527        0x0 
 *fill*         0x0000000040083527        0x0 
 *fill*         0x0000000040083527        0x0 
 *fill*         0x0000000040083527        0x0 
 *fill*         0x0000000040083527        0x0 
 *fill*         0x0000000040083527        0x0 
 *fill*         0x0000000040083527        0x0 
 *fill*         0x0000000040083527        0x0 
 *fill*         0x0000000040083527        0x0 
 *fill*         0x0000000040083527        0x0 
 *fill*         0x0000000040083527        0x0 
 *fill*         0x0000000040083527        0x0 
 *fill*         0x0000000040083527        0x0 
 *fill*         0x0000000040083527        0x0 
 *fill*         0x0000000040083527        0x0 
 *fill*         0x0000000040083527        0x0 
 *fill*         0x0000000040083527        0x0 
 *fill*         0x0000000040083527        0x0 